I'm sorry, but errors were detected in your script. Please correct the
errors listed below, and try again.


File "game/script.rpy", line 24: expected statement.
    hero_1_hud = im.Scale("hero_1_hud.png", 150, 200)
               ^

File "game/script.rpy", line 25: expected statement.
    thug_1_hud = im.Scale("thug_1_hud.png", 150, 200)
               ^

Ren'Py Version: Ren'Py 6.15.7.374
